---
source: tests/output.rs
expression: "format!(\"{:?}\", miette::Error::new(is_false.unwrap_err()))"
---
  [31mÃ—[0m Testcase did not run successfully
[31m  â”œâ”€â–¶ [0m  [31mÃ—[0m An error occurred while running the test
[31m  â”‚   [0m    â•­â”€[[36;1;4mtest.kdl:10:21[0m]
[31m  â”‚   [0m [2m 9[0m â”‚                 assert {
[31m  â”‚   [0m [2m10[0m â”‚                     is_false
[31m  â”‚   [0m    Â· [35;1m                    â”€â”€â”€â”€â”¬â”€â”€â”€[0m
[31m  â”‚   [0m    Â·                         [35;1mâ•°â”€â”€ [35;1min this node[0m[0m
[31m  â”‚   [0m [2m11[0m â”‚                 }
[31m  â”‚   [0m    â•°â”€â”€â”€â”€
[31m  â”‚   [0m
[31m  â•°â”€â–¶ [0m  [31mÃ—[0m Assert failed
[31m      [0m
