---
source: tests/output.rs
expression: "format!(\"{:?}\", miette::Error::new(tc.unwrap_err()))"
---
  [31mÃ—[0m Testcase did not run successfully
[31m  â”œâ”€â–¶ [0m  [31mÃ—[0m A panic occurred
[31m  â”‚   [0m   â•­â”€[3:17]
[31m  â”‚   [0m [2m2[0m â”‚                 testcase {
[31m  â”‚   [0m [2m3[0m â”‚ [35;1mâ•­[0m[35;1mâ”€[0m[35;1mâ–¶[0m                 foobar 2 {
[31m  â”‚   [0m [2m4[0m â”‚ [35;1mâ”‚[0m                       ofoo
[31m  â”‚   [0m [2m5[0m â”‚ [35;1mâ”œ[0m[35;1mâ”€[0m[35;1mâ–¶[0m                 }
[31m  â”‚   [0m   Â· [35;1mâ•°[0m[35;1mâ”€â”€â”€[0m[35;1mâ”€[0m [35;1min this node[0m
[31m  â”‚   [0m [2m6[0m â”‚                 }
[31m  â”‚   [0m   â•°â”€â”€â”€â”€
[31m  â”‚   [0m
[31m  â•°â”€â–¶ [0m  [31mÃ—[0m explicit panic
[31m      [0m
