---
source: tests/output.rs
expression: "format!(\"{:?}\", miette::Error::new(tc.unwrap_err()))"
---
  [31mÃ—[0m An error occurred while parsing testcases

Error: 
  [31mÃ—[0m Could not find verb with this name
   â•­â”€[[36;1;4mtest.kdl:4:21[0m]
 [2m3[0m â”‚                 repeat 2 {
 [2m4[0m â”‚                     not_found
   Â· [35;1m                    â”€â”€â”€â”€â”€â”€â”€â”€â”€[0m
 [2m5[0m â”‚                 }
   â•°â”€â”€â”€â”€
