---
source: tests/output.rs
expression: "format!(\"{:?}\", miette::Error::new(tc.unwrap_err()))"
---
  [31mÃ—[0m An error occurred while parsing testcases

Error: 
  [31mÃ—[0m An argument was missing
   â•­â”€[3:17]
 [2m2[0m â”‚             testcase {
 [2m3[0m â”‚                 repeat {
   Â· [35;1m                â”€â”€â”€â”¬â”€â”€[0m
   Â·                    [35;1mâ•°â”€â”€ [35;1mThis node is missing an argument[0m[0m
 [2m4[0m â”‚                 }
   â•°â”€â”€â”€â”€
[36m  help: [0m`repeat` takes one argument, the repetition count
